Argentina  
Chile  
Argentina  
Chile  
Argentina  
Portugal  
Chile  
Argentina  
Portugal  
Espanha  
O número de elementos são 4.
<models.Node.Node object at 0x000001522598D9C0>
item not in the list
Chile  
Argentina  
Portugal  
Espanha  
<models.Node.Node object at 0x000001522598D9C0>
item not in the list
Chile  
Argentina  
Portugal  
Espanha  
<models.Node.Node object at 0x000001522598D9C0>
item not in the list
Chile  
Argentina  
Portugal  
Espanha  
Chile  
Japao  
Argentina  
Portugal  
Espanha  
Chile  
Japao  
Angola  
Argentina  
Portugal  
Espanha  
O número de elementos são 6.
Item found
O país Portugal encontra-se na lista.
item not found
O país Alemanha não se encontra na lista.
O país Chile foi eliminado da lista.
O número de elementos são 5.
O país Espanha foi eliminado da lista.
O número de elementos são 4.
item not found
O país Chile não se encontra na lista.
O número de elementos são 4.
